2026-03-22 15;12:22-root-DEBUG-This is a debug message
2026-03-22 15;12:22-root-INFO-This is an info message
2026-03-22 15;12:22-root-WARNING-This is a warning message
2026-03-22 15;12:22-root-ERROR-This is an error message
2026-03-22 15;12:22-root-CRITICAL-This is a critical message
DEBUG:root:This is adebug message
INFO:root:This is an info message
WARNING:root:This is a warning message
ERROR:root:This is an error message
CRITICAL:root:This is a critical message
2026-03-22 19:58:51,034 - my_logger - DEBUG - This is a debug message
DEBUG:my_logger:This is a debug message
2026-03-22 19:58:51,038 - my_logger - INFO - This is an info message
INFO:my_logger:This is an info message
2026-03-22 19:58:51,040 - my_logger - WARNING - This is a warning message
WARNING:my_logger:This is a warning message
2026-03-22 19:58:51,043 - my_logger - ERROR - This is an errormessage
ERROR:my_logger:This is an errormessage
2026-03-22 19:58:51,046 - my_logger - CRITICAL - This is a critical message
CRITICAL:my_logger:This is a critical message
DEBUG:custom_logger:This is a debug message
INFO:custom_logger:This is an info message
WARNING:custom_logger:This is a warning message
ERROR:custom_logger:This is an error message
CRITICAL:custom_logger:This is a critical message
DEBUG:multi_format_logger:This is a debug message
INFO:multi_format_logger:This is an info message
WARNING:multi_format_logger:This is a warning message
ERROR:multi_format_logger:This is an error message
CRITICAL:multi_format_logger:This is a critical message
DEBUG:rotating_logger:This ia adebug message number 0
DEBUG:rotating_logger:This ia adebug message number 1
DEBUG:rotating_logger:This ia adebug message number 2
DEBUG:rotating_logger:This ia adebug message number 3
DEBUG:rotating_logger:This ia adebug message number 4
DEBUG:rotating_logger:This ia adebug message number 5
DEBUG:rotating_logger:This ia adebug message number 6
DEBUG:rotating_logger:This ia adebug message number 7
DEBUG:rotating_logger:This ia adebug message number 8
DEBUG:rotating_logger:This ia adebug message number 9
DEBUG:rotating_logger:This ia adebug message number 10
DEBUG:rotating_logger:This ia adebug message number 11
DEBUG:rotating_logger:This ia adebug message number 12
DEBUG:rotating_logger:This ia adebug message number 13
DEBUG:rotating_logger:This ia adebug message number 14
DEBUG:rotating_logger:This ia adebug message number 15
DEBUG:rotating_logger:This ia adebug message number 16
DEBUG:rotating_logger:This ia adebug message number 17
DEBUG:rotating_logger:This ia adebug message number 18
DEBUG:rotating_logger:This ia adebug message number 19
DEBUG:rotating_logger:This ia adebug message number 20
DEBUG:rotating_logger:This ia adebug message number 21
DEBUG:rotating_logger:This ia adebug message number 22
DEBUG:rotating_logger:This ia adebug message number 23
DEBUG:rotating_logger:This ia adebug message number 24
DEBUG:rotating_logger:This ia adebug message number 25
DEBUG:rotating_logger:This ia adebug message number 26
DEBUG:rotating_logger:This ia adebug message number 27
DEBUG:rotating_logger:This ia adebug message number 28
DEBUG:rotating_logger:This ia adebug message number 29
DEBUG:rotating_logger:This ia adebug message number 30
DEBUG:rotating_logger:This ia adebug message number 31
DEBUG:rotating_logger:This ia adebug message number 32
DEBUG:rotating_logger:This ia adebug message number 33
DEBUG:rotating_logger:This ia adebug message number 34
DEBUG:rotating_logger:This ia adebug message number 35
DEBUG:rotating_logger:This ia adebug message number 36
DEBUG:rotating_logger:This ia adebug message number 37
DEBUG:rotating_logger:This ia adebug message number 38
DEBUG:rotating_logger:This ia adebug message number 39
DEBUG:rotating_logger:This ia adebug message number 40
DEBUG:rotating_logger:This ia adebug message number 41
DEBUG:rotating_logger:This ia adebug message number 42
DEBUG:rotating_logger:This ia adebug message number 43
DEBUG:rotating_logger:This ia adebug message number 44
DEBUG:rotating_logger:This ia adebug message number 45
DEBUG:rotating_logger:This ia adebug message number 46
DEBUG:rotating_logger:This ia adebug message number 47
DEBUG:rotating_logger:This ia adebug message number 48
DEBUG:rotating_logger:This ia adebug message number 49
DEBUG:rotating_logger:This ia adebug message number 50
DEBUG:rotating_logger:This ia adebug message number 51
DEBUG:rotating_logger:This ia adebug message number 52
DEBUG:rotating_logger:This ia adebug message number 53
DEBUG:rotating_logger:This ia adebug message number 54
DEBUG:rotating_logger:This ia adebug message number 55
DEBUG:rotating_logger:This ia adebug message number 56
DEBUG:rotating_logger:This ia adebug message number 57
DEBUG:rotating_logger:This ia adebug message number 58
DEBUG:rotating_logger:This ia adebug message number 59
DEBUG:rotating_logger:This ia adebug message number 60
DEBUG:rotating_logger:This ia adebug message number 61
DEBUG:rotating_logger:This ia adebug message number 62
DEBUG:rotating_logger:This ia adebug message number 63
DEBUG:rotating_logger:This ia adebug message number 64
DEBUG:rotating_logger:This ia adebug message number 65
DEBUG:rotating_logger:This ia adebug message number 66
DEBUG:rotating_logger:This ia adebug message number 67
DEBUG:rotating_logger:This ia adebug message number 68
DEBUG:rotating_logger:This ia adebug message number 69
DEBUG:rotating_logger:This ia adebug message number 70
DEBUG:rotating_logger:This ia adebug message number 71
DEBUG:rotating_logger:This ia adebug message number 72
DEBUG:rotating_logger:This ia adebug message number 73
DEBUG:rotating_logger:This ia adebug message number 74
DEBUG:rotating_logger:This ia adebug message number 75
DEBUG:rotating_logger:This ia adebug message number 76
DEBUG:rotating_logger:This ia adebug message number 77
DEBUG:rotating_logger:This ia adebug message number 78
DEBUG:rotating_logger:This ia adebug message number 79
DEBUG:rotating_logger:This ia adebug message number 80
DEBUG:rotating_logger:This ia adebug message number 81
DEBUG:rotating_logger:This ia adebug message number 82
DEBUG:rotating_logger:This ia adebug message number 83
DEBUG:rotating_logger:This ia adebug message number 84
DEBUG:rotating_logger:This ia adebug message number 85
DEBUG:rotating_logger:This ia adebug message number 86
DEBUG:rotating_logger:This ia adebug message number 87
DEBUG:rotating_logger:This ia adebug message number 88
DEBUG:rotating_logger:This ia adebug message number 89
DEBUG:rotating_logger:This ia adebug message number 90
DEBUG:rotating_logger:This ia adebug message number 91
DEBUG:rotating_logger:This ia adebug message number 92
DEBUG:rotating_logger:This ia adebug message number 93
DEBUG:rotating_logger:This ia adebug message number 94
DEBUG:rotating_logger:This ia adebug message number 95
DEBUG:rotating_logger:This ia adebug message number 96
DEBUG:rotating_logger:This ia adebug message number 97
DEBUG:rotating_logger:This ia adebug message number 98
DEBUG:rotating_logger:This ia adebug message number 99
ERROR:exception_logger:An exception occured
Traceback (most recent call last):
  File "C:\Users\91981\AppData\Local\Temp\ipykernel_28152\1510552886.py", line 12, in log_exception
    1/0
    ~^~
ZeroDivisionError: division by zero
DEBUG:root:This is adebug message
INFO:root:This is an info message
WARNING:root:This is a warning message
ERROR:root:This is an error message
CRITICAL:root:This is a critical message
2026-03-22 21:38:02,579 - my_logger - DEBUG - This is a debug message
DEBUG:my_logger:This is a debug message
2026-03-22 21:38:02,587 - my_logger - INFO - This is an info message
INFO:my_logger:This is an info message
2026-03-22 21:38:02,589 - my_logger - WARNING - This is a warning message
WARNING:my_logger:This is a warning message
2026-03-22 21:38:02,591 - my_logger - ERROR - This is an errormessage
ERROR:my_logger:This is an errormessage
2026-03-22 21:38:02,592 - my_logger - CRITICAL - This is a critical message
CRITICAL:my_logger:This is a critical message
DEBUG:custom_logger:This is a debug message
INFO:custom_logger:This is an info message
WARNING:custom_logger:This is a warning message
ERROR:custom_logger:This is an error message
CRITICAL:custom_logger:This is a critical message
DEBUG:multi_format_logger:This is a debug message
INFO:multi_format_logger:This is an info message
WARNING:multi_format_logger:This is a warning message
ERROR:multi_format_logger:This is an error message
CRITICAL:multi_format_logger:This is a critical message
DEBUG:rotating_logger:This ia adebug message number 0
DEBUG:rotating_logger:This ia adebug message number 1
DEBUG:rotating_logger:This ia adebug message number 2
DEBUG:rotating_logger:This ia adebug message number 3
DEBUG:rotating_logger:This ia adebug message number 4
DEBUG:rotating_logger:This ia adebug message number 5
DEBUG:rotating_logger:This ia adebug message number 6
DEBUG:rotating_logger:This ia adebug message number 7
DEBUG:rotating_logger:This ia adebug message number 8
DEBUG:rotating_logger:This ia adebug message number 9
DEBUG:rotating_logger:This ia adebug message number 10
DEBUG:rotating_logger:This ia adebug message number 11
DEBUG:rotating_logger:This ia adebug message number 12
DEBUG:rotating_logger:This ia adebug message number 13
DEBUG:rotating_logger:This ia adebug message number 14
DEBUG:rotating_logger:This ia adebug message number 15
DEBUG:rotating_logger:This ia adebug message number 16
DEBUG:rotating_logger:This ia adebug message number 17
DEBUG:rotating_logger:This ia adebug message number 18
DEBUG:rotating_logger:This ia adebug message number 19
DEBUG:rotating_logger:This ia adebug message number 20
DEBUG:rotating_logger:This ia adebug message number 21
DEBUG:rotating_logger:This ia adebug message number 22
DEBUG:rotating_logger:This ia adebug message number 23
DEBUG:rotating_logger:This ia adebug message number 24
DEBUG:rotating_logger:This ia adebug message number 25
DEBUG:rotating_logger:This ia adebug message number 26
DEBUG:rotating_logger:This ia adebug message number 27
DEBUG:rotating_logger:This ia adebug message number 28
DEBUG:rotating_logger:This ia adebug message number 29
DEBUG:rotating_logger:This ia adebug message number 30
DEBUG:rotating_logger:This ia adebug message number 31
DEBUG:rotating_logger:This ia adebug message number 32
DEBUG:rotating_logger:This ia adebug message number 33
DEBUG:rotating_logger:This ia adebug message number 34
DEBUG:rotating_logger:This ia adebug message number 35
DEBUG:rotating_logger:This ia adebug message number 36
DEBUG:rotating_logger:This ia adebug message number 37
DEBUG:rotating_logger:This ia adebug message number 38
DEBUG:rotating_logger:This ia adebug message number 39
DEBUG:rotating_logger:This ia adebug message number 40
DEBUG:rotating_logger:This ia adebug message number 41
DEBUG:rotating_logger:This ia adebug message number 42
DEBUG:rotating_logger:This ia adebug message number 43
DEBUG:rotating_logger:This ia adebug message number 44
DEBUG:rotating_logger:This ia adebug message number 45
DEBUG:rotating_logger:This ia adebug message number 46
DEBUG:rotating_logger:This ia adebug message number 47
DEBUG:rotating_logger:This ia adebug message number 48
DEBUG:rotating_logger:This ia adebug message number 49
DEBUG:rotating_logger:This ia adebug message number 50
DEBUG:rotating_logger:This ia adebug message number 51
DEBUG:rotating_logger:This ia adebug message number 52
DEBUG:rotating_logger:This ia adebug message number 53
DEBUG:rotating_logger:This ia adebug message number 54
DEBUG:rotating_logger:This ia adebug message number 55
DEBUG:rotating_logger:This ia adebug message number 56
DEBUG:rotating_logger:This ia adebug message number 57
DEBUG:rotating_logger:This ia adebug message number 58
DEBUG:rotating_logger:This ia adebug message number 59
DEBUG:rotating_logger:This ia adebug message number 60
DEBUG:rotating_logger:This ia adebug message number 61
DEBUG:rotating_logger:This ia adebug message number 62
DEBUG:rotating_logger:This ia adebug message number 63
DEBUG:rotating_logger:This ia adebug message number 64
DEBUG:rotating_logger:This ia adebug message number 65
DEBUG:rotating_logger:This ia adebug message number 66
DEBUG:rotating_logger:This ia adebug message number 67
DEBUG:rotating_logger:This ia adebug message number 68
DEBUG:rotating_logger:This ia adebug message number 69
DEBUG:rotating_logger:This ia adebug message number 70
DEBUG:rotating_logger:This ia adebug message number 71
DEBUG:rotating_logger:This ia adebug message number 72
DEBUG:rotating_logger:This ia adebug message number 73
DEBUG:rotating_logger:This ia adebug message number 74
DEBUG:rotating_logger:This ia adebug message number 75
DEBUG:rotating_logger:This ia adebug message number 76
DEBUG:rotating_logger:This ia adebug message number 77
DEBUG:rotating_logger:This ia adebug message number 78
DEBUG:rotating_logger:This ia adebug message number 79
DEBUG:rotating_logger:This ia adebug message number 80
DEBUG:rotating_logger:This ia adebug message number 81
DEBUG:rotating_logger:This ia adebug message number 82
DEBUG:rotating_logger:This ia adebug message number 83
DEBUG:rotating_logger:This ia adebug message number 84
DEBUG:rotating_logger:This ia adebug message number 85
DEBUG:rotating_logger:This ia adebug message number 86
DEBUG:rotating_logger:This ia adebug message number 87
DEBUG:rotating_logger:This ia adebug message number 88
DEBUG:rotating_logger:This ia adebug message number 89
DEBUG:rotating_logger:This ia adebug message number 90
DEBUG:rotating_logger:This ia adebug message number 91
DEBUG:rotating_logger:This ia adebug message number 92
DEBUG:rotating_logger:This ia adebug message number 93
DEBUG:rotating_logger:This ia adebug message number 94
DEBUG:rotating_logger:This ia adebug message number 95
DEBUG:rotating_logger:This ia adebug message number 96
DEBUG:rotating_logger:This ia adebug message number 97
DEBUG:rotating_logger:This ia adebug message number 98
DEBUG:rotating_logger:This ia adebug message number 99
ERROR:exception_logger:An exception occured
Traceback (most recent call last):
  File "C:\Users\91981\AppData\Local\Temp\ipykernel_4260\1510552886.py", line 12, in log_exception
    1/0
    ~^~
ZeroDivisionError: division by zero
DEBUG:context_logger:This is a debug message
INFO:context_logger:This is a info message
WARNING:context_logger:This is a warniing message
ERROR:context_logger:This is an error message
CRITICAL:context_logger:This is a critical message
DEBUG:additional_context_logger:This is a debug message
INFO:additional_context_logger:This is an info message
WARNING:additional_context_logger:This is a warning message
ERROR:additional_context_logger:This is an error message
CRITICAL:additional_context_logger:This is a critical message
